Welcome to BotName Help!

Here's a list of commands that you can use:
some commands

Remember, you can always type /help to see this list of commands again.

Enjoy planning and going on your bike trips with BotName!
